INFO: 2020/08/26 20:27:37 log_manager.go:33: 외않데
